
SN 68k version 2.53


Assembly completed.
0 error(s) from 87836 lines in 0.28 seconds
